##fileformat=VCFv4.2
##FILTER=<ID=PASS,Description="All filters passed">
##INFO=<ID=DP,Number=1,Type=Integer,Description="Total Depth">
##FORMAT=<ID=GT,Number=1,Type=String,Description="Genotype">
##bcftools_viewVersion=1.21+htslib-1.21
##bcftools_viewCommand=view -h sample_test_data/small_valid.vcf; Date=[TIMESTAMP]
#CHROM	POS	ID	REF	ALT	QUAL	FILTER	INFO	FORMAT	sample1