# This file was produced by bcftools stats (1.21+htslib-1.21) and can be plotted using plot-vcfstats.
# The command line was:	bcftools stats  sample_data/HG00098.vcf.gz
#
# Definition of sets:
# ID	[2]id	[3]tab-separated file names
ID	0	sample_data/HG00098.vcf.gz
# SN, Summary numbers:
#   number of records   .. number of data rows in the VCF
#   number of no-ALTs   .. reference-only sites, ALT is either "." or identical to REF
#   number of SNPs      .. number of rows with a SNP
#   number of MNPs      .. number of rows with a MNP, such as CC>TT
#   number of indels    .. number of rows with an indel
#   number of others    .. number of rows with other type, for example a symbolic allele or
#                          a complex substitution, such as ACT>TCGA
#   number of multiallelic sites     .. number of rows with multiple alternate alleles
#   number of multiallelic SNP sites .. number of rows with multiple alternate alleles, all SNPs
# 
#   Note that rows containing multiple types will be counted multiple times, in each
#   counter. For example, a row with a SNP and an indel increments both the SNP and
#   the indel counter.
# 
# SN	[2]id	[3]key	[4]value
SN	0	number of samples:	1
SN	0	number of records:	46065
SN	0	number of no-ALTs:	0
SN	0	number of SNPs:	46065
SN	0	number of MNPs:	0
SN	0	number of indels:	0
SN	0	number of others:	0
SN	0	number of multiallelic sites:	1
SN	0	number of multiallelic SNP sites:	1
# TSTV, transitions/transversions
#   - transitions, see https://en.wikipedia.org/wiki/Transition_(genetics)
#   - transversions, see https://en.wikipedia.org/wiki/Transversion
# TSTV	[2]id	[3]ts	[4]tv	[5]ts/tv	[6]ts (1st ALT)	[7]tv (1st ALT)	[8]ts/tv (1st ALT)
TSTV	0	32598	13468	2.42	32598	13467	2.42
# SiS, Singleton stats:
#   - allele count, i.e. the number of singleton genotypes (AC=1)
#   - number of transitions, see above
#   - number of transversions, see above
#   - repeat-consistent, inconsistent and n/a: experimental and useless stats [DEPRECATED]
# SiS	[2]id	[3]allele count	[4]number of SNPs	[5]number of transitions	[6]number of transversions	[7]number of indels	[8]repeat-consistent	[9]repeat-inconsistent	[10]not applicable
SiS	0	1	31077	21999	9078	0	0	0	0
# AF, Stats by non-reference allele frequency:
# AF	[2]id	[3]allele frequency	[4]number of SNPs	[5]number of transitions	[6]number of transversions	[7]number of indels	[8]repeat-consistent	[9]repeat-inconsistent	[10]not applicable
AF	0	0.000000	31077	21999	9078	0	0	0	0
AF	0	0.990000	14989	10599	4390	0	0	0	0
# QUAL, Stats by quality
# QUAL	[2]id	[3]Quality	[4]number of SNPs	[5]number of transitions (1st ALT)	[6]number of transversions (1st ALT)	[7]number of indels
QUAL	0	0.0	46065	32598	13467	0
# IDD, InDel distribution:
# IDD	[2]id	[3]length (deletions negative)	[4]number of sites	[5]number of genotypes	[6]mean VAF
# ST, Substitution types:
# ST	[2]id	[3]type	[4]count
ST	0	A>C	1623
ST	0	A>G	7981
ST	0	A>T	1153
ST	0	C>A	1768
ST	0	C>G	2189
ST	0	C>T	8280
ST	0	G>A	8586
ST	0	G>C	2270
ST	0	G>T	1704
ST	0	T>A	1129
ST	0	T>C	7751
ST	0	T>G	1632
# DP, depth:
#   - set id, see above
#   - the depth bin, corresponds to the depth (unless --depth was given)
#   - number of genotypes with this depth (zero unless -s/-S was given)
#   - fraction of genotypes with this depth (zero unless -s/-S was given)
#   - number of sites with this depth
#   - fraction of sites with this depth
# DP, Depth distribution
# DP	[2]id	[3]bin	[4]number of genotypes	[5]fraction of genotypes (%)	[6]number of sites	[7]fraction of sites (%)
DP	0	7	0	0.000000	1	0.002171
DP	0	11	0	0.000000	1	0.002171
DP	0	15	0	0.000000	1	0.002171
DP	0	17	0	0.000000	2	0.004342
DP	0	19	0	0.000000	1	0.002171
DP	0	27	0	0.000000	1	0.002171
DP	0	29	0	0.000000	1	0.002171
DP	0	30	0	0.000000	1	0.002171
DP	0	33	0	0.000000	1	0.002171
DP	0	34	0	0.000000	2	0.004342
DP	0	50	0	0.000000	1	0.002171
DP	0	52	0	0.000000	1	0.002171
DP	0	54	0	0.000000	1	0.002171
DP	0	66	0	0.000000	1	0.002171
DP	0	72	0	0.000000	1	0.002171
DP	0	81	0	0.000000	1	0.002171
DP	0	82	0	0.000000	1	0.002171
DP	0	84	0	0.000000	1	0.002171
DP	0	93	0	0.000000	1	0.002171
DP	0	107	0	0.000000	1	0.002171
DP	0	111	0	0.000000	1	0.002171
DP	0	116	0	0.000000	1	0.002171
DP	0	119	0	0.000000	1	0.002171
DP	0	120	0	0.000000	1	0.002171
DP	0	121	0	0.000000	1	0.002171
DP	0	124	0	0.000000	1	0.002171
DP	0	125	0	0.000000	1	0.002171
DP	0	129	0	0.000000	1	0.002171
DP	0	135	0	0.000000	1	0.002171
DP	0	136	0	0.000000	1	0.002171
DP	0	139	0	0.000000	1	0.002171
DP	0	145	0	0.000000	1	0.002171
DP	0	155	0	0.000000	1	0.002171
DP	0	160	0	0.000000	1	0.002171
DP	0	161	0	0.000000	1	0.002171
DP	0	166	0	0.000000	1	0.002171
DP	0	168	0	0.000000	1	0.002171
DP	0	169	0	0.000000	1	0.002171
DP	0	182	0	0.000000	1	0.002171
DP	0	185	0	0.000000	1	0.002171
DP	0	186	0	0.000000	1	0.002171
DP	0	188	0	0.000000	1	0.002171
DP	0	189	0	0.000000	1	0.002171
DP	0	201	0	0.000000	1	0.002171
DP	0	206	0	0.000000	2	0.004342
DP	0	208	0	0.000000	1	0.002171
DP	0	212	0	0.000000	1	0.002171
DP	0	213	0	0.000000	1	0.002171
DP	0	215	0	0.000000	1	0.002171
DP	0	218	0	0.000000	1	0.002171
DP	0	223	0	0.000000	1	0.002171
DP	0	227	0	0.000000	1	0.002171
DP	0	232	0	0.000000	1	0.002171
DP	0	236	0	0.000000	1	0.002171
DP	0	239	0	0.000000	1	0.002171
DP	0	247	0	0.000000	1	0.002171
DP	0	248	0	0.000000	1	0.002171
DP	0	251	0	0.000000	2	0.004342
DP	0	255	0	0.000000	1	0.002171
DP	0	257	0	0.000000	1	0.002171
DP	0	259	0	0.000000	3	0.006513
DP	0	260	0	0.000000	1	0.002171
DP	0	261	0	0.000000	1	0.002171
DP	0	262	0	0.000000	1	0.002171
DP	0	264	0	0.000000	3	0.006513
DP	0	265	0	0.000000	1	0.002171
DP	0	267	0	0.000000	1	0.002171
DP	0	268	0	0.000000	1	0.002171
DP	0	269	0	0.000000	1	0.002171
DP	0	270	0	0.000000	1	0.002171
DP	0	273	0	0.000000	1	0.002171
DP	0	277	0	0.000000	1	0.002171
DP	0	278	0	0.000000	1	0.002171
DP	0	280	0	0.000000	1	0.002171
DP	0	283	0	0.000000	1	0.002171
DP	0	291	0	0.000000	1	0.002171
DP	0	296	0	0.000000	1	0.002171
DP	0	300	0	0.000000	2	0.004342
DP	0	302	0	0.000000	1	0.002171
DP	0	304	0	0.000000	2	0.004342
DP	0	305	0	0.000000	2	0.004342
DP	0	306	0	0.000000	4	0.008683
DP	0	308	0	0.000000	1	0.002171
DP	0	311	0	0.000000	3	0.006513
DP	0	312	0	0.000000	1	0.002171
DP	0	316	0	0.000000	1	0.002171
DP	0	317	0	0.000000	1	0.002171
DP	0	318	0	0.000000	1	0.002171
DP	0	319	0	0.000000	1	0.002171
DP	0	320	0	0.000000	2	0.004342
DP	0	321	0	0.000000	3	0.006513
DP	0	322	0	0.000000	2	0.004342
DP	0	323	0	0.000000	2	0.004342
DP	0	324	0	0.000000	1	0.002171
DP	0	325	0	0.000000	3	0.006513
DP	0	326	0	0.000000	2	0.004342
DP	0	327	0	0.000000	2	0.004342
DP	0	328	0	0.000000	1	0.002171
DP	0	330	0	0.000000	1	0.002171
DP	0	331	0	0.000000	1	0.002171
DP	0	332	0	0.000000	3	0.006513
DP	0	333	0	0.000000	2	0.004342
DP	0	335	0	0.000000	1	0.002171
DP	0	337	0	0.000000	1	0.002171
DP	0	338	0	0.000000	2	0.004342
DP	0	339	0	0.000000	4	0.008683
DP	0	340	0	0.000000	1	0.002171
DP	0	342	0	0.000000	1	0.002171
DP	0	345	0	0.000000	1	0.002171
DP	0	350	0	0.000000	1	0.002171
DP	0	351	0	0.000000	1	0.002171
DP	0	352	0	0.000000	1	0.002171
DP	0	353	0	0.000000	1	0.002171
DP	0	354	0	0.000000	2	0.004342
DP	0	357	0	0.000000	4	0.008683
DP	0	358	0	0.000000	3	0.006513
DP	0	359	0	0.000000	1	0.002171
DP	0	360	0	0.000000	1	0.002171
DP	0	361	0	0.000000	2	0.004342
DP	0	365	0	0.000000	1	0.002171
DP	0	368	0	0.000000	3	0.006513
DP	0	369	0	0.000000	1	0.002171
DP	0	370	0	0.000000	1	0.002171
DP	0	372	0	0.000000	1	0.002171
DP	0	373	0	0.000000	1	0.002171
DP	0	374	0	0.000000	1	0.002171
DP	0	375	0	0.000000	2	0.004342
DP	0	376	0	0.000000	1	0.002171
DP	0	377	0	0.000000	2	0.004342
DP	0	378	0	0.000000	2	0.004342
DP	0	379	0	0.000000	3	0.006513
DP	0	380	0	0.000000	1	0.002171
DP	0	381	0	0.000000	2	0.004342
DP	0	385	0	0.000000	2	0.004342
DP	0	386	0	0.000000	1	0.002171
DP	0	387	0	0.000000	1	0.002171
DP	0	388	0	0.000000	3	0.006513
DP	0	389	0	0.000000	1	0.002171
DP	0	390	0	0.000000	2	0.004342
DP	0	391	0	0.000000	1	0.002171
DP	0	393	0	0.000000	1	0.002171
DP	0	394	0	0.000000	4	0.008683
DP	0	395	0	0.000000	1	0.002171
DP	0	396	0	0.000000	1	0.002171
DP	0	397	0	0.000000	2	0.004342
DP	0	399	0	0.000000	1	0.002171
DP	0	400	0	0.000000	3	0.006513
DP	0	401	0	0.000000	1	0.002171
DP	0	402	0	0.000000	6	0.013025
DP	0	404	0	0.000000	1	0.002171
DP	0	406	0	0.000000	1	0.002171
DP	0	407	0	0.000000	4	0.008683
DP	0	408	0	0.000000	1	0.002171
DP	0	409	0	0.000000	1	0.002171
DP	0	410	0	0.000000	1	0.002171
DP	0	412	0	0.000000	2	0.004342
DP	0	414	0	0.000000	4	0.008683
DP	0	416	0	0.000000	1	0.002171
DP	0	417	0	0.000000	1	0.002171
DP	0	418	0	0.000000	1	0.002171
DP	0	419	0	0.000000	3	0.006513
DP	0	421	0	0.000000	1	0.002171
DP	0	422	0	0.000000	2	0.004342
DP	0	426	0	0.000000	1	0.002171
DP	0	427	0	0.000000	1	0.002171
DP	0	431	0	0.000000	1	0.002171
DP	0	434	0	0.000000	1	0.002171
DP	0	435	0	0.000000	3	0.006513
DP	0	436	0	0.000000	1	0.002171
DP	0	438	0	0.000000	1	0.002171
DP	0	441	0	0.000000	3	0.006513
DP	0	442	0	0.000000	4	0.008683
DP	0	443	0	0.000000	1	0.002171
DP	0	445	0	0.000000	2	0.004342
DP	0	446	0	0.000000	2	0.004342
DP	0	447	0	0.000000	1	0.002171
DP	0	448	0	0.000000	2	0.004342
DP	0	450	0	0.000000	1	0.002171
DP	0	451	0	0.000000	3	0.006513
DP	0	454	0	0.000000	2	0.004342
DP	0	455	0	0.000000	1	0.002171
DP	0	457	0	0.000000	2	0.004342
DP	0	458	0	0.000000	1	0.002171
DP	0	460	0	0.000000	2	0.004342
DP	0	461	0	0.000000	2	0.004342
DP	0	462	0	0.000000	3	0.006513
DP	0	463	0	0.000000	2	0.004342
DP	0	464	0	0.000000	2	0.004342
DP	0	465	0	0.000000	1	0.002171
DP	0	466	0	0.000000	2	0.004342
DP	0	467	0	0.000000	2	0.004342
DP	0	468	0	0.000000	1	0.002171
DP	0	469	0	0.000000	3	0.006513
DP	0	470	0	0.000000	1	0.002171
DP	0	471	0	0.000000	1	0.002171
DP	0	473	0	0.000000	1	0.002171
DP	0	475	0	0.000000	3	0.006513
DP	0	477	0	0.000000	3	0.006513
DP	0	478	0	0.000000	2	0.004342
DP	0	480	0	0.000000	1	0.002171
DP	0	481	0	0.000000	2	0.004342
DP	0	482	0	0.000000	1	0.002171
DP	0	483	0	0.000000	2	0.004342
DP	0	484	0	0.000000	2	0.004342
DP	0	485	0	0.000000	3	0.006513
DP	0	486	0	0.000000	1	0.002171
DP	0	488	0	0.000000	1	0.002171
DP	0	490	0	0.000000	1	0.002171
DP	0	491	0	0.000000	3	0.006513
DP	0	492	0	0.000000	1	0.002171
DP	0	493	0	0.000000	1	0.002171
DP	0	494	0	0.000000	1	0.002171
DP	0	495	0	0.000000	2	0.004342
DP	0	497	0	0.000000	1	0.002171
DP	0	498	0	0.000000	3	0.006513
DP	0	499	0	0.000000	1	0.002171
DP	0	500	0	0.000000	1	0.002171
DP	0	>500	0	0.000000	45737	99.287963
